	.text
	.file	"gep_complex.ll"
	.globl	foo                             # -- Begin function foo
	.p2align	4, 0x90
	.type	foo,@function
foo:                                    # @foo
	.cfi_startproc
# %bb.0:
	retq
.Lfunc_end0:
	.size	foo, .Lfunc_end0-foo
	.cfi_endproc
                                        # -- End function
	.globl	bar                             # -- Begin function bar
	.p2align	4, 0x90
	.type	bar,@function
bar:                                    # @bar
	.cfi_startproc
# %bb.0:
	movl	$g2+152, %eax
	retq
.Lfunc_end1:
	.size	bar, .Lfunc_end1-bar
	.cfi_endproc
                                        # -- End function
	.section	".note.GNU-stack","",@progbits
