	.text
	.file	"gep_complex.ll"
	.section	".note.GNU-stack","",@progbits
